[pool] 232 перпов Hyperliquid
[warn] HL ORBS: ReadTimeout: HTTPSConnectionPool(host='api.hyperliquid.xyz', port=443): Read timed out. (read timeout=30)
[warn] HL POLYX: ReadTimeout: HTTPSConnectionPool(host='api.hyperliquid.xyz', port=443): Read timed out. (read timeout=30)
[warn] HL GAS: ReadTimeout: HTTPSConnectionPool(host='api.hyperliquid.xyz', port=443): Read timed out. (read timeout=30)
[warn] HL PENDLE: ReadTimeout: HTTPSConnectionPool(host='api.hyperliquid.xyz', port=443): Read timed out. (read timeout=30)
[warn] HL STG: ReadTimeout: HTTPSConnectionPool(host='api.hyperliquid.xyz', port=443): Read timed out. (read timeout=30)
[warn] HL NEAR: ReadTimeout: HTTPSConnectionPool(host='api.hyperliquid.xyz', port=443): Read timed out. (read timeout=30)
[warn] HL MEME: ReadTimeout: HTTPSConnectionPool(host='api.hyperliquid.xyz', port=443): Read timed out. (read timeout=30)
[warn] HL ORDI: ReadTimeout: HTTPSConnectionPool(host='api.hyperliquid.xyz', port=443): Read timed out. (read timeout=30)
[warn] HL BADGER: ReadTimeout: HTTPSConnectionPool(host='api.hyperliquid.xyz', port=443): Read timed out. (read timeout=30)
[warn] HL PYTH: ReadTimeout: HTTPSConnectionPool(host='api.hyperliquid.xyz', port=443): Read timed out. (read timeout=30)
[warn] HL SUSHI: ReadTimeout: HTTPSConnectionPool(host='api.hyperliquid.xyz', port=443): Read timed out. (read timeout=30)
[warn] HL GMT: ConnectionError: ('Connection aborted.', RemoteDisconnected('Remote end closed connection without response'))
[warn] HL SUPER: ReadTimeout: HTTPSConnectionPool(host='api.hyperliquid.xyz', port=443): Read timed out. (read timeout=30)
[warn] HL USTC: ReadTimeout: HTTPSConnectionPool(host='api.hyperliquid.xyz', port=443): Read timed out. (read timeout=30)
[warn] HL NFTI: ReadTimeout: HTTPSConnectionPool(host='api.hyperliquid.xyz', port=443): Read timed out. (read timeout=30)
[warn] HL JUP: ReadTimeout: HTTPSConnectionPool(host='api.hyperliquid.xyz', port=443): Read timed out. (read timeout=30)
[warn] HL kLUNC: ReadTimeout: HTTPSConnectionPool(host='api.hyperliquid.xyz', port=443): Read timed out. (read timeout=30)
[warn] HL RSR: ReadTimeout: HTTPSConnectionPool(host='api.hyperliquid.xyz', port=443): Read timed out. (read timeout=30)
[warn] HL GALA: ReadTimeout: HTTPSConnectionPool(host='api.hyperliquid.xyz', port=443): Read timed out. (read timeout=30)
[warn] HL JTO: ReadTimeout: HTTPSConnectionPool(host='api.hyperliquid.xyz', port=443): Read timed out. (read timeout=30)
[warn] HL WIF: ReadTimeout: HTTPSConnectionPool(host='api.hyperliquid.xyz', port=443): Read timed out. (read timeout=30)
[warn] HL CAKE: ReadTimeout: HTTPSConnectionPool(host='api.hyperliquid.xyz', port=443): Read timed out. (read timeout=30)
[warn] HL PEOPLE: ReadTimeout: HTTPSConnectionPool(host='api.hyperliquid.xyz', port=443): Read timed out. (read timeout=30)
[warn] HL ENS: ReadTimeout: HTTPSConnectionPool(host='api.hyperliquid.xyz', port=443): Read timed out. (read timeout=30)
[warn] HL ONDO: ConnectionError: ('Connection aborted.', RemoteDisconnected('Remote end closed connection without response'))
[warn] HL IO: ReadTimeout: HTTPSConnectionPool(host='api.hyperliquid.xyz', port=443): Read timed out. (read timeout=30)
[warn] HL ZK: ReadTimeout: HTTPSConnectionPool(host='api.hyperliquid.xyz', port=443): Read timed out. (read timeout=30)
[warn] HL BLAST: ReadTimeout: HTTPSConnectionPool(host='api.hyperliquid.xyz', port=443): Read timed out. (read timeout=30)
[warn] HL LISTA: ReadTimeout: HTTPSConnectionPool(host='api.hyperliquid.xyz', port=443): Read timed out. (read timeout=30)
[warn] HL HEMI: ReadTimeout: HTTPSConnectionPool(host='api.hyperliquid.xyz', port=443): Read timed out. (read timeout=30)
[warn] HL APEX: ReadTimeout: HTTPSConnectionPool(host='api.hyperliquid.xyz', port=443): Read timed out. (read timeout=30)
[warn] HL 2Z: ReadTimeout: HTTPSConnectionPool(host='api.hyperliquid.xyz', port=443): Read timed out. (read timeout=30)
[warn] HL ZEC: ReadTimeout: HTTPSConnectionPool(host='api.hyperliquid.xyz', port=443): Read timed out. (read timeout=30)
[warn] HL MON: ReadTimeout: HTTPSConnectionPool(host='api.hyperliquid.xyz', port=443): Read timed out. (read timeout=30)
[warn] HL MET: ReadTimeout: HTTPSConnectionPool(host='api.hyperliquid.xyz', port=443): Read timed out. (read timeout=30)
[warn] HL MEGA: ReadTimeout: HTTPSConnectionPool(host='api.hyperliquid.xyz', port=443): Read timed out. (read timeout=30)
[warn] HL CC: ReadTimeout: HTTPSConnectionPool(host='api.hyperliquid.xyz', port=443): Read timed out. (read timeout=30)
[data] 193 монет с данными, 912 баров
[universe] mean=35.2 max=37 | member-баров funding=0: 0.8%
[done] xs_carry: verdict=KILL OOS_Sharpe(med)=-0.902 worst=-1.276 DSR=0.0014 PBO=0.4167 trades=2365
[done] xs_momentum: verdict=KILL OOS_Sharpe(med)=-0.803 worst=-1.244 DSR=0.0158 PBO=0.9563 trades=3866
=== HL DONE in 8175.9s. Report: reports/hl0006_report.md ===
